#-----------------------------------------------------------
# Vivado v2025.1 (64-bit)
# SW Build 6140274 on Thu May 22 00:12:29 MDT 2025
# IP Build 6138677 on Thu May 22 03:10:11 MDT 2025
# SharedData Build 6139179 on Tue May 20 17:58:58 MDT 2025
# Start of session at: Mon Sep 15 23:11:00 2025
# Process ID         : 6800
# Current directory  : C:/Users/Fabri/vivado_projects/TP1_ALU_v2/TP1_ALU/TP1_ALU.runs/synth_1
# Command line       : vivado.exe -log top.vds -product Vivado -mode batch -messageDb vivado.pb -notrace -source top.tcl
# Log file           : C:/Users/Fabri/vivado_projects/TP1_ALU_v2/TP1_ALU/TP1_ALU.runs/synth_1/top.vds
# Journal file       : C:/Users/Fabri/vivado_projects/TP1_ALU_v2/TP1_ALU/TP1_ALU.runs/synth_1\vivado.jou
# Running On         : DESKTOP-6CJKL18
# Platform           : Windows Server 2016 or Windows 10
# Operating System   : 19045
# Processor Detail   : Intel(R) Core(TM) i5-7600K CPU @ 3.80GHz
# CPU Frequency      : 3792 MHz
# CPU Physical cores : 4
# CPU Logical cores  : 4
# Host memory        : 25724 MB
# Swap memory        : 3758 MB
# Total Virtual      : 29482 MB
# Available Virtual  : 18629 MB
#-----------------------------------------------------------
source top.tcl -notrace
